// Jest Snapshot v1, https://goo.gl/fbAQLP

exports[`Button should render as default 1`] = `
<div>
  <button
    class="scid-hCFXPC"
  >
    example
  </button>
</div>
`;
