// Jest Snapshot v1, https://goo.gl/fbAQLP

exports[`Stack should render as default 1`] = `
<div>
  <div
    class="css-1ih6qjc"
  >
    <div>
      one
    </div>
    <div>
      two
    </div>
    <div>
      three
    </div>
  </div>
</div>
`;
